// Jest Snapshot v1, https://goo.gl/fbAQLP

exports[`Label Component Should Label component render correctly 1`] = `
<styled.div>
  <styled.label>
    Label
  </styled.label>
</styled.div>
`;
