// Jest Snapshot v1, https://goo.gl/fbAQLP

exports[`Button Component Should renders correctly 1`] = `
<styled.div>
  <styled.button
    size="medium"
  >
    Test
  </styled.button>
</styled.div>
`;
